// Jest Snapshot v1, https://goo.gl/fbAQLP

exports[`Test Home render Test Home 1`] = `
Object {
  "asFragment": [Function],
  "baseElement": <body>
    <div>
      <section
        class="home"
      >
        <h1
          class="home__header"
        >
          Welcome to our page
        </h1>
        <p
          class="home__p"
        >
          Lorem ipsum dolor sit amet, consectetur adipisicing elit. Impedit ex atque numquam nobis at placeat mollitia id voluptas dolores, maxime alias est beatae ducimus laudantium quod iste error hic harum perferendis quae? Illum quas maxime earum, perspiciatis, accusamus, quod velit voluptatum aspernatur deleniti dignissimos adipisci vitae atque voluptatibus eaque incidunt!
        </p>
        <p
          class="home__p"
        >
          Lorem ipsum dolor sit amet, consectetur adipisicing elit. Impedit ex atque numquam nobis at placeat mollitia id voluptas dolores, maxime alias est beatae ducimus laudantium quod iste error hic harum perferendis quae? Illum quas maxime earum, perspiciatis, accusamus, quod velit voluptatum aspernatur deleniti dignissimos adipisci vitae atque voluptatibus eaque incidunt!
        </p>
      </section>
    </div>
  </body>,
  "container": <div>
    <section
      class="home"
    >
      <h1
        class="home__header"
      >
        Welcome to our page
      </h1>
      <p
        class="home__p"
      >
        Lorem ipsum dolor sit amet, consectetur adipisicing elit. Impedit ex atque numquam nobis at placeat mollitia id voluptas dolores, maxime alias est beatae ducimus laudantium quod iste error hic harum perferendis quae? Illum quas maxime earum, perspiciatis, accusamus, quod velit voluptatum aspernatur deleniti dignissimos adipisci vitae atque voluptatibus eaque incidunt!
      </p>
      <p
        class="home__p"
      >
        Lorem ipsum dolor sit amet, consectetur adipisicing elit. Impedit ex atque numquam nobis at placeat mollitia id voluptas dolores, maxime alias est beatae ducimus laudantium quod iste error hic harum perferendis quae? Illum quas maxime earum, perspiciatis, accusamus, quod velit voluptatum aspernatur deleniti dignissimos adipisci vitae atque voluptatibus eaque incidunt!
      </p>
    </section>
  </div>,
  "debug": [Function],
  "findAllByAltText": [Function],
  "findAllByDisplayValue": [Function],
  "findAllByLabelText": [Function],
  "findAllByPlaceholderText": [Function],
  "findAllByRole": [Function],
  "findAllByTestId": [Function],
  "findAllByText": [Function],
  "findAllByTitle": [Function],
  "findByAltText": [Function],
  "findByDisplayValue": [Function],
  "findByLabelText": [Function],
  "findByPlaceholderText": [Function],
  "findByRole": [Function],
  "findByTestId": [Function],
  "findByText": [Function],
  "findByTitle": [Function],
  "getAllByAltText": [Function],
  "getAllByDisplayValue": [Function],
  "getAllByLabelText": [Function],
  "getAllByPlaceholderText": [Function],
  "getAllByRole": [Function],
  "getAllByTestId": [Function],
  "getAllByText": [Function],
  "getAllByTitle": [Function],
  "getByAltText": [Function],
  "getByDisplayValue": [Function],
  "getByLabelText": [Function],
  "getByPlaceholderText": [Function],
  "getByRole": [Function],
  "getByTestId": [Function],
  "getByText": [Function],
  "getByTitle": [Function],
  "queryAllByAltText": [Function],
  "queryAllByDisplayValue": [Function],
  "queryAllByLabelText": [Function],
  "queryAllByPlaceholderText": [Function],
  "queryAllByRole": [Function],
  "queryAllByTestId": [Function],
  "queryAllByText": [Function],
  "queryAllByTitle": [Function],
  "queryByAltText": [Function],
  "queryByDisplayValue": [Function],
  "queryByLabelText": [Function],
  "queryByPlaceholderText": [Function],
  "queryByRole": [Function],
  "queryByTestId": [Function],
  "queryByText": [Function],
  "queryByTitle": [Function],
  "rerender": [Function],
  "unmount": [Function],
}
`;
